[eqvent-advisors-landing-page-hg0xb.codedesign.app/index.html]
[backblue.gif]
[fade.gif]
[index.html]
[use.fontawesome.com/releases/v5.15.4/css/all.css]
[eqvent-advisors-landing-page-hg0xb.codedesign.app/_next/static/css/346b9fe967711a57.css]
[eqvent-advisors-landing-page-hg0xb.codedesign.app/_next/static/chunks/polyfills-a40ef1678bae11e696dba45124eadd70.js]
[eqvent-advisors-landing-page-hg0xb.codedesign.app/_next/static/chunks/webpack-2e52859dadb07ea3.js]
[eqvent-advisors-landing-page-hg0xb.codedesign.app/_next/static/chunks/main-3ff82a6967839010.js]
[eqvent-advisors-landing-page-hg0xb.codedesign.app/_next/static/chunks/framework-092837ea0334d9b5.js]
[eqvent-advisors-landing-page-hg0xb.codedesign.app/_next/static/chunks/pages/[[...slug]]-5fb8df814d4d84e1.js]
[eqvent-advisors-landing-page-hg0xb.codedesign.app/_next/static/chunks/pages/_app-c637193fff8ef982.js]
[eqvent-advisors-landing-page-hg0xb.codedesign.app/_next/static/qIfS1wSRnwkzgJ2WzS_sU/_buildManifest.js]
[eqvent-advisors-landing-page-hg0xb.codedesign.app/_next/static/qIfS1wSRnwkzgJ2WzS_sU/_ssgManifest.js]
[eqvent-advisors-landing-page-hg0xb.codedesign.app/_next/static/qIfS1wSRnwkzgJ2WzS_sU/_middlewareManifest.js]
[res.cloudinary.com/dbyioi2qq/q_auto/v1693061245/static/eqventadvisorsjpeg_1693061244_38693.jpg]
[res.cloudinary.com/dbyioi2qq/q_auto/v1693061079/static/t_shutterstock_1315381259-2665421413jpg_1693060992_80415.jpg]
[res.cloudinary.com/storylens/image/upload/v1693060523/o8kschjwzxdzkismlwfu.jpg]
[res.cloudinary.com/storylens/image/upload/v1693060523/xfkqjqtgidfmguiykymb.jpg]
[res.cloudinary.com/storylens/image/upload/v1693060523/proq1cye1lo2inpucs1z.jpg]
[eqvent-advisors-landing-page-hg0xb.codedesign.app/index.html]
[use.fontawesome.com/releases/v5.15.4/webfonts/fa-brands-400.svg]
[use.fontawesome.com/releases/v5.15.4/webfonts/fa-regular-400.svg]
[use.fontawesome.com/releases/v5.15.4/css/all.css]
[eqvent-advisors-landing-page-hg0xb.codedesign.app/_next/static/css/346b9fe967711a57.css]
[res.cloudinary.com/dbyioi2qq/q_auto/v1671099516/static/check_black_24dpsvg_1671099515_76334.svg]
[use.fontawesome.com/releases/v5.15.4/webfonts/fa-brands-400.svg]
[use.fontawesome.com/releases/v5.15.4/webfonts/fa-regular-400.svg]
[use.fontawesome.com/releases/v5.15.4/webfonts/fa-solid-900.svg]
[use.fontawesome.com/releases/v5.15.4/webfonts/fa-solid-900.svg]
